<testsuites id="" name="" tests="1" failures="0" skipped="0" errors="0" time="4.077294">
<testsuite name="specs\login.spec.ts" timestamp="2026-03-03T20:00:14.603Z" hostname="chromium" tests="1" failures="0" skipped="0" time="1.451" errors="0">
<testcase name="Login Functionality › Positive Login Tests › should successfully login with valid credentials @smoke" classname="specs\login.spec.ts" time="1.451">
</testcase>
</testsuite>
</testsuites>